WARNING: Allowing ALL origins for CORS. This allows ANY website to access your MLflow data. This configuration is only recommended for local development.
Registry store URI not provided. Using backend store URI.
/usr/local/lib/python3.12/dist-packages/mlflow/server/handlers.py:343: FutureWarning: The filesystem tracking backend (e.g., './mlruns') is deprecated as of February 2026. Consider transitioning to a database backend (e.g., 'sqlite:///mlflow.db') to take advantage of the latest MLflow features. See https://mlflow.org/docs/latest/self-hosting/migrate-from-file-store for migration guidance.
  return FileStore(store_uri, artifact_uri)
/usr/local/lib/python3.12/dist-packages/mlflow/server/handlers.py:378: FutureWarning: The filesystem model registry backend (e.g., './mlruns') is deprecated as of February 2026. Consider transitioning to a database backend (e.g., 'sqlite:///mlflow.db') to take advantage of the latest MLflow features. See https://mlflow.org/docs/latest/self-hosting/migrate-from-file-store for migration guidance.
  return FileStore(store_uri)
[MLflow] Security middleware enabled. CORS origins: *.
2026/03/11 02:12:54 WARNING mlflow.server: MLflow job execution requirements not met (MLflow job backend requires a database backend store URI but got file:/content/outputs/hiatal_notebook/mlflow_tracking). Server will start without job execution support. Errors will be surfaced at job invocation time.
INFO:     Uvicorn running on http://0.0.0.0:5000 (Press CTRL+C to quit)
INFO:     Started parent process [7020]
INFO:     Started server process [7025]
INFO:     Waiting for application startup.
INFO:     Application startup complete.
INFO:     Started server process [7023]
INFO:     Waiting for application startup.
INFO:     Application startup complete.
INFO:     Started server process [7024]
INFO:     Waiting for application startup.
INFO:     Application startup complete.
INFO:     Started server process [7022]
INFO:     Waiting for application startup.
INFO:     Application startup complete.
2026/03/11 02:13:04 WARNING mlflow.server.fastapi_security: Rejected request with invalid Host header: gpu-t4-s-1z3dppcbrwbl1.us-west1-b.c.codatalab-user-runtimes.internal:8007
INFO:     127.0.0.1:54564 - "GET / HTTP/1.1" 403 Forbidden
2026/03/11 02:13:04 WARNING mlflow.server.fastapi_security: Rejected request with invalid Host header: gpu-t4-s-1z3dppcbrwbl1.us-west1-b.c.codatalab-user-runtimes.internal:8007
INFO:     127.0.0.1:54572 - "GET /favicon.ico HTTP/1.1" 403 Forbidden
